# Managed by devm. Regenerated on VM lifecycle events; hand edits will be
# overwritten. Include from ~/.ssh/config as:
#     Include "{{RUNTIME_DIR}}/ssh_config"

Host devm-alpha
    HostName             alpha.test
    User                 devm
    Port                 22
    IdentityFile         "{{RUNTIME_DIR}}/ssh/projects/alpha/id_ed25519"
    UserKnownHostsFile   "{{RUNTIME_DIR}}/ssh/projects/alpha/known_hosts"
    HostKeyAlias         devm-alpha
    StrictHostKeyChecking yes
    IdentitiesOnly       yes

Host devm-bravo
    HostName             bravo.test
    User                 devm
    Port                 22
    IdentityFile         "{{RUNTIME_DIR}}/ssh/projects/bravo/id_ed25519"
    UserKnownHostsFile   "{{RUNTIME_DIR}}/ssh/projects/bravo/known_hosts"
    HostKeyAlias         devm-bravo
    StrictHostKeyChecking yes
    IdentitiesOnly       yes

Host devm-charlie
    HostName             charlie.test
    User                 devm
    Port                 22
    IdentityFile         "{{RUNTIME_DIR}}/ssh/projects/charlie/id_ed25519"
    UserKnownHostsFile   "{{RUNTIME_DIR}}/ssh/projects/charlie/known_hosts"
    HostKeyAlias         devm-charlie
    StrictHostKeyChecking yes
    IdentitiesOnly       yes

